---
source: crates/app/src/tui/mod.rs
assertion_line: 736
expression: render(&mut app)
---
  1:Atlas
                        ┌HD────────┐                        ┌ HEAT ────────────────────────────────┐
                        │A 20/20   │                        │Heat 15 / 30   diss 20                │
                        │██████████│                        │███████████████████░░░░░░░░░░░░░░░░░░░│
                        │I 10/10   │                        │sinks 20× Single                      │
                        │██████████│                        │-3 MP  +2 hit  shutdn 4+              │
                        │          │                        │                                      │
                        │          │                        │                                      │
                        └──────────┘                        └──────────────────────────────────────┘
┌LA────────┐┌LT────────┐┌CT────────┐┌RT────────┐┌RA────────┐┌ PILOT ───────────────────────────────┐
│A 20/20   ││A 20/20   ││A 15/20   ││A 20/20   ││A 20/20   ││ Gunnery 4+   Piloting 5+   BV 1897   │
│██████████││██████████││████████░░││██████████││██████████││ ░░░░░░   unhurt                      │
│I 10/10   ││R 6/6     ││R 6/6     ││R 6/6     ││I 10/10   │└──────────────────────────────────────┘
│██████████││██████████││██████████││██████████││██████████│┌ MOVE ────────────────────────────────┐
│          ││I 10/10   ││I 10/10   ││I 10/10   ││          ││ Walk 0  Run 0  Jump 0  heat          │
│          ││██████████││██████████││██████████││          ││ stationary   [v]                     │
│          ││          ││          ││          ││          ││ standing                             │
│          ││          ││          ││          ││          │└──────────────────────────────────────┘
│          ││          ││          ││          ││          │┌ WEAPONS / AMMO / EQUIP ──────────────┐
│          ││          ││          ││          ││          ││▶Medium Laser    RA  H3    5      ✓   │
└──────────┘└──────────┘└──────────┘└──────────┘└──────────┘│ AC/20 Ammo       10/10               │
            ┌LL────────┐            ┌RL────────┐            │                                      │
            │A 20/20   │            │A 20/20   │            │                                      │
            │██████████│            │██████████│            │                                      │
            │I 10/10   │            │I 10/10   │            │                                      │
            │██████████│            │██████████│            │                                      │
            │          │            │          │            │──────────────────────────────────────│
            │          │            │          │            │ Medium Laser   range 3/6/9           │
            └──────────┘            └──────────┘            └──────────────────────────────────────┘
 Fired (+3 heat) | Spc:fire  u:unfire  c:crit  p:pilot  Tab:panel  ?:help
