---
source: crates/app/src/tui/mod.rs
assertion_line: 1571
expression: render(&mut app)
---
  1:Atlas
                        ┌HD────────┐                        ┌ HEAT ────────────────────────────────┐
                        │A 20/20   │                        │Heat 0 / 30   diss 20                 │
                        │██████████│                        │░░░░░░░░░░░░░░░░░░░░░░░░░░░░░░░░░░░░░░│
                        │I 10/10   │                        │sinks 20× Single                      │
                        │██████████│                        │no penalties                          │
                        │          │                        │                                      │
                        │          │                        │                                      │
                        └──────────┘                        └──────────────────────────────────────┘
┌LA────────┐┌LT────────┐╔CT ▸F═════╗┌RT────────┐┌RA────────┐┌ PILOT ───────────────────────────────┐
│A 20/20   ││A 20/20   │║A 20/20   ║│A 20/20   ││A 20/20   ││ Gunnery 4+   Piloting 5+   BV 1897   │
│██████████││██████████│║██████████║│██████████││██████████││ ░░░░░░   unhurt                      │
│I 10/10   ││R 6/╔ Movement this turn ═══════════════════════════════════════════╗─────────────────┘
│██████████││████║  Moved      walked                                            ║─────────────────┐
│          ││I 10║▶ Hexes      3 / 3                                             ║0                │
│          ││████║own attacks +1   TMM +1                                        ║M +1             │
│          ││    ║cleared on end turn   [↑↓] select   [←→] adjust   [Esc] close  ║                 │
│          ││    ╚═══════════════════════════════════════════════════════════════╝─────────────────┘
│          ││          │║          ║│          ││          │┌ WEAPONS / AMMO / EQUIP ──────────────┐
│          ││          │║          ║│          ││          ││ Medium Laser    RA  H3    5          │
└──────────┘└──────────┘╚══════════╝└──────────┘└──────────┘│ AC/20 Ammo       10/10               │
            ┌LL────────┐            ┌RL────────┐            │                                      │
            │A 20/20   │            │A 20/20   │            │                                      │
            │██████████│            │██████████│            │                                      │
            │I 10/10   │            │I 10/10   │            │                                      │
            │██████████│            │██████████│            │                                      │
            │          │            │          │            │                                      │
            │          │            │          │            │                                      │
            └──────────┘            └──────────┘            └──────────────────────────────────────┘
 Spc:dmg  u:rep  c:crit  p:pilot  f:face  Tab:panel  ?:help
