---
source: crates/app/src/tui/mod.rs
expression: render(&mut app)
---
 Sessions — current: default
▶ ● CL  default  (1)  Atlas  · BV 1897










                    ╔ Input ═══════════════════════════════════════════════════╗
                    ║New session name:                                         ║
                    ║Saturday Game█                                            ║
                    ║Enter = ok    Esc = cancel                                ║
                    ╚══════════════════════════════════════════════════════════╝












 [↑↓] sel  [Enter] load  [n] new  [A] AS  [O] OV  [B] SBF  [F] BF  [r] rename  [D] del  [Esc] back
