---
source: crates/app/src/tui/mod.rs
expression: screen
---
┌ Pick a unit (0 of 3)   filters: 3000–305 ────────────────────────────────────────────────────────┐
│ Search: █                                                                                        │
└──────────────────────────────────────────────────────────────────────────────────────────────────┘





                    ╔ Filters ═════════════════════════════════════════════════╗
                    ║  Type:   (any)                                           ║
                    ║  Tech:   (any)                                           ║
                    ║  Class:  (any)                                           ║
                    ║  Role:   (any)                                           ║
                    ║  Era:    (any)                                           ║
                    ║  Year ≥: 3000                                            ║
                    ║▶ Year ≤: 305                                             ║
                    ║  Family: (any)                                           ║
                    ║  Avail era: (any)                                        ║
                    ║  Faction: (any)                                          ║
                    ║                                                          ║
                    ║[0-9] year  [⌫] del  [←→] ±1  [c] clear  [Esc] apply      ║
                    ╚══════════════════════════════════════════════════════════╝







[type] search  [^f] filter  [^g] gen  [^b] budget  [↑↓] select  [Tab] info  [Enter] add  [Esc] back
